<html>
<body>
<pre>
<h1>µVision Build Log</h1>
<h2>Project:</h2>
C:\Software\keil uvision4.74\NUC100SeriesBSP_CMSIS\NUC100SeriesBSP_CMSIS_v1.05.003\NuvotonPlatform_Keil\Sample\20170418\project20170418.uvproj
Project File Date:  04/18/2017

<h2>Output:</h2>
  
Warning: *** SUPPORT EXPIRED, NEW PRODUCT SERIAL NUMBER REQUIRED ***
         *** Running with Code Size Limit: 32K                   ***
Rebuild target 'Target 1'
assembling startup_NUC1xx.s...
compiling core_cm0.c...
compiling system_NUC1xx.c...
compiling 20170418.c...
UIFUNC0728.c(1086): warning:  #177-D: variable "a" was declared but never referenced
  {   unsigned char a = *(act[7]->str[3]);
UIFUNC0728.c(1087): warning:  #177-D: variable "b" was declared but never referenced
      unsigned char b = *(act[7]->str[4]);
UIFUNC0728.c(1088): warning:  #177-D: variable "c" was declared but never referenced
      unsigned char c = *(act[7]->str[5]);
20170418.c(89): warning:  #1295-D: Deprecated declaration AdcSingleCycleModeTest - give arg types
  void AdcSingleCycleModeTest();
20170418.c(303): warning:  #177-D: variable "abs_change" was declared but never referenced
        int abs_change;
compiling DrvADC.c...
compiling DrvGPIO.c...
compiling DrvSPI.c...
compiling DrvSYS.c...
compiling DrvTIMER.c...
linking...
.\project20170418.axf: Warning: L6340W: options first and last are ignored for link type of scattered
Program Size: Code=26260 RO-data=256 RW-data=820 ZI-data=2212  
Finished: 0 information, 1 warning and 0 error messages.
".\project20170418.axf" - 0 Error(s), 6 Warning(s).
Load "C:\\Software\\keil uvision4.74\\NUC100SeriesBSP_CMSIS\\NUC100SeriesBSP_CMSIS_v1.05.003\\NuvotonPlatform_Keil\\Sample\\20170418\\project20170418.axf" 
</pre>
</body>
</html>
onPlatform_Keil\\Sample\\20170418\\project20170418.axf" 
_____^
*** error 56: cannot open file
Error: Flash Download failed  -  Could not load file 'C:\Software\keil uvision4.74\NUC100SeriesBSP_CMSIS\NUC100SeriesBSP_CMSIS_v1.05.003\NuvotonPlatform_Keil\Sample\20170418\project20170418.axf'
